Versi├│n de MSBuild 17.14.40+3e7442088 para .NET Framework

  Checking File Globs
  RekordisMasterLimiter_rc_lib.vcxproj -> C:\Users\casak\Desktop\RekordisMasterLimiter\build\RekordisMasterLimiter_rc_lib.dir\Release\RekordisMasterLimiter_rc_lib.lib
  RekordisMasterLimiter.vcxproj -> C:\Users\casak\Desktop\RekordisMasterLimiter\build\RekordisMasterLimiter_artefacts\Release\RekordisMasterLimiter_SharedCode.lib
  RekordisMasterLimiter_vst3_helper.vcxproj -> C:\Users\casak\Desktop\RekordisMasterLimiter\build\Release\RekordisMasterLimiter_vst3_helper.exe
  juce_audio_plugin_client_VST3.cpp
C:\Users\casak\Desktop\RekordisMasterLimiter\JUCE\modules\juce_audio_plugin_client\juce_audio_plugin_client_VST3.cpp(100,1): error C1189: #error:  You may have a conflict with parameter automation between VST2 and VST3 versions of your plugin. See the comment above for more details. [C:\Users\casak\Desktop\RekordisMasterLimiter\build\RekordisMasterLimiter_VST3.vcxproj]
